cnf/lst/go-local-dev-setup.include.lst
.editorconfig
LICENSE
Makefile
cnf/lst/go-local-dev-setup.exclude.lst
cnf/lst/go-local-dev-setup.include.lst
lib/bash/funcs/arch-install-bins.func.sh
lib/bash/funcs/export-json-section-vars.func.sh
lib/bash/funcs/flush-screen.func.sh
lib/bash/funcs/get-env-var.func.sh
lib/bash/funcs/list-dockers.func.sh
lib/bash/funcs/mac-install-bins.func.sh
lib/bash/funcs/manjaro-install-bins.func.sh
lib/bash/funcs/morph-dir.func.sh
lib/bash/funcs/parse-ini-section-vars.func.sh
lib/bash/funcs/read-conf-section.func.sh
lib/bash/funcs/relative-path.func.sh
lib/bash/funcs/require-var.func.sh
lib/bash/funcs/resolve-dirname.func.sh
lib/bash/funcs/set-vars-on-alpine.func.sh
lib/bash/funcs/set-vars-on-fedora.func.sh
lib/bash/funcs/set-vars-on-mac.func.sh
lib/bash/funcs/set-vars-on-manjaro.func.sh
lib/bash/funcs/set-vars-on-suse.func.sh
lib/bash/funcs/set-vars-on-ubuntu.func.sh
lib/bash/funcs/suse-install-bins.func.sh
lib/bash/funcs/test-helpers.sh
lib/bash/funcs/ubuntu-install-bins.func.sh
lib/bash/funcs/zip-me.func.sh
lib/make/check-terraform.func.mk
lib/make/demand-var.func.mk
lib/make/install-img.func.mk
lib/make/make-help.func.mk
lib/make/new-issue.func.mk
lib/make/prune-docker-system.func.mk
lib/make/set-default-shell.mk
lib/make/set-env.func.mk
lib/make/start-img-containers.func.mk
lib/make/stop-img-containers.func.mk
lib/make/zip-me.func.mk
pkg/mod/cache/lock
src/bash/run/docker-init-go-local-dev-setup.sh
src/bash/run/morph-module.func.sh
src/bash/run/print-usage.func.sh
src/bash/run/run.sh
src/bash/run/scan-to-list-file.func.sh
src/bash/run/set-vars-on-alpine.func.sh
src/bash/run/set-vars-on-fedora.func.sh
src/bash/run/set-vars-on-mac.func.sh
src/bash/run/set-vars-on-manjaro.func.sh
src/bash/run/set-vars-on-suse.func.sh
src/bash/run/set-vars-on-ubuntu.func.sh
src/bash/run/zip-me-as-module.func.sh
src/bash/scripts/docker-init-go-local-dev-setup.sh
src/docker/go-local-dev-setup/Dockerfile.x86_64
src/go/go-local-dev-setup/src/go-local-dev-setup/main.go
src/make/install-go-local-dev-setup.mk
